Casos a correr: 100
  [1/100] A01 · reported 4/4 · org lo · gate false
  [2/100] A02 · reported 4/4 · org lo · gate false
  [3/100] A03 · reported 4/4 · org lo · gate false
  [4/100] A04 · reported 4/4 · org lo · gate false
  [5/100] A05 · reported 4/4 · org mid · gate false
  [6/100] A06 · reported 4/4 · org mid · gate false
  [7/100] A07 · reported 4/4 · org mid · gate false
  [8/100] A08 · reported 4/4 · org lo · gate false
  [9/100] A09 · reported 4/4 · org mid · gate false
  [10/100] A10 · reported 4/4 · org hi · gate true
  [11/100] B01 · reported 4/4 · org mid · gate false
  [12/100] B02 · reported 4/4 · org lo · gate false
  [13/100] B03 · reported 4/4 · org mid · gate false
  [14/100] B04 · reported 4/4 · org lo · gate false
  [15/100] B05 · reported 4/4 · org lo · gate false
  [16/100] C01 · reported 4/4 · org lo · gate false
  [17/100] C02 · reported 4/4 · org lo · gate false
  [18/100] C03 · reported 4/4 · org lo · gate false
  [19/100] C04 · reported 4/4 · org lo · gate false
  [20/100] C05 · reported 4/4 · org lo · gate false
  [21/100] C06 · reported 4/4 · org lo · gate false
  [22/100] C07 · reported 4/4 · org lo · gate false
  [23/100] C08 · reported 4/4 · org lo · gate false
  [24/100] D01 · reported 4/4 · org lo · gate false
  [25/100] D02 · reported 4/4 · org mid · gate false
  [26/100] D03 · reported 4/4 · org lo · gate false
  [27/100] D04 · reported 4/4 · org lo · gate false
  [28/100] D05 · reported 4/4 · org lo · gate false
  [29/100] D06 · reported 4/4 · org lo · gate false
  [30/100] E01 · reported 4/4 · org lo · gate false
  [31/100] E02 · reported 4/4 · org lo · gate false
  [32/100] E03 · reported 4/4 · org mid · gate false
  [33/100] E04 · reported 4/4 · org lo · gate false
  [34/100] E05 · reported 4/4 · org lo · gate false
  [35/100] F01 · reported 4/4 · org hi · gate true
  [36/100] F02 · reported 4/4 · org hi · gate true
  [37/100] F03 · reported 4/4 · org mid · gate false
  [38/100] F04 · reported 4/4 · org lo · gate false
  [39/100] F05 · reported 4/4 · org hi · gate true
  [40/100] F06 · reported 4/4 · org hi · gate true
  [41/100] F07 · reported 4/4 · org hi · gate true
  [42/100] F08 · reported 4/4 · org lo · gate false
  [43/100] F09 · reported 4/4 · org lo · gate false
  [44/100] F10 · reported 4/4 · org mid · gate false
  [45/100] F11 · reported 4/4 · org lo · gate false
  [46/100] F12 · reported 4/4 · org hi · gate false
  [47/100] F13 · reported 4/4 · org hi · gate true
  [48/100] F14 · reported 4/4 · org mid · gate false
  [49/100] F15 · reported 4/4 · org hi · gate true
  [50/100] G01 · reported 4/4 · org lo · gate false
  [51/100] G02 · reported 4/4 · org hi · gate true
  [52/100] G03 · reported 4/4 · org mid · gate false
  [53/100] G04 · reported 4/4 · org lo · gate false
  [54/100] H01 · reported 4/4 · org lo · gate false
  [55/100] H02 · reported 4/4 · org mid · gate false
  [56/100] H03 · reported 4/4 · org mid · gate false
  [57/100] I01 · reported 4/4 · org mid · gate false
  [58/100] I02 · reported 4/4 · org lo · gate false
  [59/100] I03 · reported 4/4 · org lo · gate false
  [60/100] I04 · reported 4/4 · org mid · gate false
  [61/100] I05 · reported 4/4 · org lo · gate false
  [62/100] J01 · reported 4/4 · org lo · gate false
  [63/100] J02 · reported 4/4 · org lo · gate false
  [64/100] J03 · reported 4/4 · org lo · gate false
  [65/100] J04 · reported 4/4 · org lo · gate false
  [66/100] K01 · reported 4/4 · org hi · gate false
  [67/100] K02 · reported 4/4 · org mid · gate false
  [68/100] K03 · reported 4/4 · org lo · gate false
  [69/100] K04 · reported 4/4 · org lo · gate false
  [70/100] K05 · reported 4/4 · org lo · gate false
  [71/100] K06 · reported 4/4 · org mid · gate false
  [72/100] K07 · reported 4/4 · org mid · gate false
  [73/100] K08 · reported 4/4 · org lo · gate false
  [74/100] K09 · reported 4/4 · org lo · gate false
  [75/100] K10 · reported 4/4 · org lo · gate false
  [76/100] K11 · reported 4/4 · org hi · gate true
  [77/100] K12 · reported 4/4 · org mid · gate false
  [78/100] K13 · reported 4/4 · org lo · gate false
  [79/100] K14 · reported 4/4 · org lo · gate false
  [80/100] K15 · reported 4/4 · org lo · gate false
  [81/100] K16 · reported 4/4 · org lo · gate false
  [82/100] K17 · reported 4/4 · org lo · gate false
  [83/100] K18 · reported 4/4 · org lo · gate false
  [84/100] K19 · reported 4/4 · org hi · gate false
  [85/100] K20 · reported 4/4 · org mid · gate false
  [86/100] L02 · reported 4/4 · org lo · gate false
  [87/100] L04 · reported 4/4 · org lo · gate false
  [88/100] L08 · reported 4/4 · org mid · gate false
  [89/100] M05 · reported 4/4 · org mid · gate false
  [90/100] M06 · reported 4/4 · org mid · gate false
  [91/100] M13 · reported 4/4 · org lo · gate false
  [92/100] M14 · reported 4/4 · org hi · gate false
  [93/100] M20 · reported 4/4 · org hi · gate false
  [94/100] N01 · reported 4/4 · org mid · gate false
  [95/100] N02 · reported 4/4 · org mid · gate false
  [96/100] N03 · reported 4/4 · org lo · gate false
  [97/100] N04 · reported 4/4 · org mid · gate false
  [98/100] N05 · reported 4/4 · org lo · gate false
  [99/100] N08 · reported 4/4 · org lo · gate false
  [100/100] N10 · reported 4/4 · org mid · gate false
